// Jest Snapshot v1, https://goo.gl/fbAQLP

exports[`<Footer /> should match render snapshot 1`] = `
<footer
  className="footer-container"
>
  <img
    alt="Componay Logo"
    src="images/carrot_icon.png"
  />
  <span>
    Copyright 2018 Eat. Drink. Healthy.
  </span>
  <span>
    All rights reserved.
  </span>
</footer>
`;
